******************************************************************************
                  TI ARM Linker Unix v18.1.4                   
******************************************************************************
>> Linked Wed Feb 13 22:10:22 2019

OUTPUT FILE NAME:   <MSE450_EMBD_SYS.out>
ENTRY POINT SYMBOL: "_c_int00_noargs"  address: 000006b9


MEMORY CONFIGURATION

         name            origin    length      used     unused   attr    fill
----------------------  --------  ---------  --------  --------  ----  --------
  FLASH                 00000000   00040000  000009e0  0003f620  R  X
  SRAM                  20000000   00008000  0000047c  00007b84  RW X


SEGMENT ALLOCATION MAP

run origin  load origin   length   init length attrs members
----------  ----------- ---------- ----------- ----- -------
00000000    00000000    000009e0   000009e0    r-x
  00000000    00000000    0000026c   0000026c    r-- .intvecs
  0000026c    0000026c    00000524   00000524    r-x .text
  00000790    00000790    00000208   00000208    r-- .const
  00000998    00000998    00000048   00000048    r-- .cinit
20000000    20000000    0000047c   00000000    rw-
  20000000    20000000    0000026c   00000000    rw- .vtable
  2000026c    2000026c    00000004   00000000    rw- .bss
  20000270    20000270    00000200   00000000    rw- .stack
  20000470    20000470    0000000c   00000000    rw- .data


SECTION ALLOCATION MAP

 output                                  attributes/
section   page    origin      length       input sections
--------  ----  ----------  ----------   ----------------
.intvecs   0    00000000    0000026c     
                  00000000    0000026c     tm4c123gh6pm_startup_ccs.obj (.intvecs)

.text      0    0000026c    00000524     
                  0000026c    0000013c     main.obj (.text)
                  000003a8    0000009c     rtsv7M4_T_le_v4SPD16_eabi.lib : memcpy_t2.asm.obj (.text)
                  00000444    0000007c     PLL.obj (.text)
                  000004c0    00000068     driverlib.lib : interrupt.obj (.text:IntEnable)
                  00000528    00000068     rtsv7M4_T_le_v4SPD16_eabi.lib : copy_decompress_lzss.c.obj (.text:decompress:lzss:__TI_decompress_lzss)
                  00000590    00000056     driverlib.lib : gpio.obj (.text:GPIOIntTypeSet)
                  000005e6    00000002     --HOLE-- [fill = 0]
                  000005e8    00000048     SysTickInts.obj (.text)
                  00000630    00000044     driverlib.lib : gpio.obj (.text:_GPIOIntNumberGet)
                  00000674    00000044     rtsv7M4_T_le_v4SPD16_eabi.lib : autoinit.c.obj (.text:__TI_auto_init_nobinit_nopinit:__TI_auto_init_nobinit_nopinit)
                  000006b8    00000038                                   : boot_cortex_m.c.obj (.text:_c_int00_noargs:_c_int00_noargs)
                  000006f0    00000034     driverlib.lib : interrupt.obj (.text:IntRegister)
                  00000724    00000018                   : gpio.obj (.text:GPIOIntRegister)
                  0000073c    00000012     rtsv7M4_T_le_v4SPD16_eabi.lib : copy_zero_init.c.obj (.text:decompress:ZI:__TI_zero_init_nomemset:__TI_zero_init_nomemset)
                  0000074e    0000000e     driverlib.lib : gpio.obj (.text:GPIOIntDisable)
                  0000075c    0000000e     rtsv7M4_T_le_v4SPD16_eabi.lib : copy_decompress_none.c.obj (.text:decompress:none:__TI_decompress_none)
                  0000076a    0000000c     driverlib.lib : gpio.obj (.text:GPIOIntEnable)
                  00000776    0000000c     tm4c123gh6pm_startup_ccs.obj (.text)
                  00000782    00000006     driverlib.lib : gpio.obj (.text:GPIOIntClear)
                  00000788    00000004     rtsv7M4_T_le_v4SPD16_eabi.lib : pre_init.c.obj (.text:_system_pre_init)
                  0000078c    00000004                                   : exit.c.obj (.text:abort:abort)

.const     0    00000790    00000208     
                  00000790    000000d8     driverlib.lib : gpio.obj (.const:g_ppui32GPIOIntMapSnowflake)
                  00000868    000000c0                   : gpio.obj (.const:g_ppui32GPIOIntMapBlizzard)
                  00000928    00000070                   : interrupt.obj (.const)

.cinit     0    00000998    00000048     
                  00000998    0000000d     (.cinit..data.load) [load image, compression = lzss]
                  000009a5    00000003     --HOLE-- [fill = 0]
                  000009a8    0000000c     (__TI_handler_table)
                  000009b4    00000004     --HOLE-- [fill = 0]
                  000009b8    00000008     (.cinit..bss.load) [load image, compression = zero_init]
                  000009c0    00000008     (.cinit..vtable.load) [load image, compression = zero_init]
                  000009c8    00000018     (__TI_cinit_table)

.init_array 
*          0    00000000    00000000     UNINITIALIZED

.vtable    0    20000000    0000026c     UNINITIALIZED
                  20000000    0000026c     driverlib.lib : interrupt.obj (.vtable)

.bss       0    2000026c    00000004     UNINITIALIZED
                  2000026c    00000004     (.common:PF_read)

.data      0    20000470    0000000c     UNINITIALIZED
                  20000470    0000000c     main.obj (.data)

.stack     0    20000270    00000200     UNINITIALIZED
                  20000270    00000004     rtsv7M4_T_le_v4SPD16_eabi.lib : boot_cortex_m.c.obj (.stack)
                  20000274    000001fc     --HOLE--

MODULE SUMMARY

       Module                         code   ro data   rw data
       ------                         ----   -------   -------
    ./
       tm4c123gh6pm_startup_ccs.obj   12     620       0      
       main.obj                       316    0         16     
       PLL.obj                        124    0         0      
       SysTickInts.obj                72     0         0      
    +--+------------------------------+------+---------+---------+
       Total:                         524    620       16     
                                                              
    /Applications/ti/ccsv8/tools/compiler/ti-cgt-arm_18.1.4.LTS/lib/rtsv7M4_T_le_v4SPD16_eabi.lib
       memcpy_t2.asm.obj              156    0         0      
       copy_decompress_lzss.c.obj     104    0         0      
       autoinit.c.obj                 68     0         0      
       boot_cortex_m.c.obj            56     0         0      
       copy_zero_init.c.obj           18     0         0      
       copy_decompress_none.c.obj     14     0         0      
       exit.c.obj                     4      0         0      
       pre_init.c.obj                 4      0         0      
    +--+------------------------------+------+---------+---------+
       Total:                         424    0         0      
                                                              
    /Users/loogmai/dev/TivaWare_C_Series-2.1.4.178/driverlib/ccs/Debug/driverlib.lib
       interrupt.obj                  156    112       620    
       gpio.obj                       210    408       0      
    +--+------------------------------+------+---------+---------+
       Total:                         366    520       620    
                                                              
       Stack:                         0      0         512    
       Linker Generated:              0      65        0      
    +--+------------------------------+------+---------+---------+
       Grand Total:                   1314   1205      1148   


LINKER GENERATED COPY TABLES

__TI_cinit_table @ 000009c8 records: 3, size/record: 8, table size: 24
	.data: load addr=00000998, load size=0000000d bytes, run addr=20000470, run size=0000000c bytes, compression=lzss
	.bss: load addr=000009b8, load size=00000008 bytes, run addr=2000026c, run size=00000004 bytes, compression=zero_init
	.vtable: load addr=000009c0, load size=00000008 bytes, run addr=20000000, run size=0000026c bytes, compression=zero_init


LINKER GENERATED HANDLER TABLE

__TI_handler_table @ 000009a8 records: 3, size/record: 4, table size: 12
	index: 0, handler: __TI_zero_init
	index: 1, handler: __TI_decompress_lzss
	index: 2, handler: __TI_decompress_none


GLOBAL SYMBOLS: SORTED ALPHABETICALLY BY Name 

address   name                          
-------   ----                          
0000078d  C$$EXIT                       
00000783  GPIOIntClear                  
0000074f  GPIOIntDisable                
0000076b  GPIOIntEnable                 
00000725  GPIOIntRegister               
00000591  GPIOIntTypeSet                
00000347  GPIO_Handler                  
000004c1  IntEnable                     
000006f1  IntRegister                   
2000026c  PF_read                       
00000445  PLL_Init                      
000002b7  PortF_Init                    
00000777  ResetISR                      
0000030d  SysTick_Handler               
000005e9  SysTick_Init                  
20000474  TOGGLE_COUNT                  
20000470  __STACK_END                   
00000200  __STACK_SIZE                  
20000470  __STACK_TOP                   
000009c8  __TI_CINIT_Base               
000009e0  __TI_CINIT_Limit              
000009a8  __TI_Handler_Table_Base       
000009b4  __TI_Handler_Table_Limit      
00000675  __TI_auto_init_nobinit_nopinit
00000529  __TI_decompress_lzss          
0000075d  __TI_decompress_none          
ffffffff  __TI_pprof_out_hndl           
ffffffff  __TI_prof_data_size           
ffffffff  __TI_prof_data_start          
00000000  __TI_static_base__            
0000073d  __TI_zero_init_nomemset       
000003a9  __aeabi_memcpy                
000003a9  __aeabi_memcpy4               
000003a9  __aeabi_memcpy8               
ffffffff  __binit__                     
ffffffff  __c_args__                    
UNDEFED   __mpu_init                    
20000270  __stack                       
000006b9  _c_int00_noargs               
UNDEFED   _system_post_cinit            
00000789  _system_pre_init              
0000078d  abort                         
ffffffff  binit                         
20000470  count                         
000002fb  disable_interrupts            
00000301  enable_interrupts             
20000000  g_pfnRAMVectors               
00000000  g_pfnVectors                  
20000478  int_count                     
0000026d  main                          
000003a9  memcpy                        
00000307  wait_for_interrupts           


GLOBAL SYMBOLS: SORTED BY Symbol Address 

address   name                          
-------   ----                          
00000000  __TI_static_base__            
00000000  g_pfnVectors                  
00000200  __STACK_SIZE                  
0000026d  main                          
000002b7  PortF_Init                    
000002fb  disable_interrupts            
00000301  enable_interrupts             
00000307  wait_for_interrupts           
0000030d  SysTick_Handler               
00000347  GPIO_Handler                  
000003a9  __aeabi_memcpy                
000003a9  __aeabi_memcpy4               
000003a9  __aeabi_memcpy8               
000003a9  memcpy                        
00000445  PLL_Init                      
000004c1  IntEnable                     
00000529  __TI_decompress_lzss          
00000591  GPIOIntTypeSet                
000005e9  SysTick_Init                  
00000675  __TI_auto_init_nobinit_nopinit
000006b9  _c_int00_noargs               
000006f1  IntRegister                   
00000725  GPIOIntRegister               
0000073d  __TI_zero_init_nomemset       
0000074f  GPIOIntDisable                
0000075d  __TI_decompress_none          
0000076b  GPIOIntEnable                 
00000777  ResetISR                      
00000783  GPIOIntClear                  
00000789  _system_pre_init              
0000078d  C$$EXIT                       
0000078d  abort                         
000009a8  __TI_Handler_Table_Base       
000009b4  __TI_Handler_Table_Limit      
000009c8  __TI_CINIT_Base               
000009e0  __TI_CINIT_Limit              
20000000  g_pfnRAMVectors               
2000026c  PF_read                       
20000270  __stack                       
20000470  __STACK_END                   
20000470  __STACK_TOP                   
20000470  count                         
20000474  TOGGLE_COUNT                  
20000478  int_count                     
ffffffff  __TI_pprof_out_hndl           
ffffffff  __TI_prof_data_size           
ffffffff  __TI_prof_data_start          
ffffffff  __binit__                     
ffffffff  __c_args__                    
ffffffff  binit                         
UNDEFED   __mpu_init                    
UNDEFED   _system_post_cinit            

[52 symbols]
